// Jest Snapshot v1, https://goo.gl/fbAQLP

exports[`RoutineCreator should match snapshot 1`] = `ShallowWrapper {}`;
